src/main.tsx(1,8): error TS6133: 'React' is declared but its value is never read.
src/pages/BookProcedure.tsx(10,5): error TS6133: 'Clock' is declared but its value is never read.
src/pages/DesignSystem.tsx(4,5): error TS6133: 'Calendar' is declared but its value is never read.
src/pages/DesignSystem.tsx(7,5): error TS6133: 'CreditCard' is declared but its value is never read.
src/pages/DesignSystem.tsx(9,5): error TS6133: 'Home' is declared but its value is never read.
src/pages/DesignSystem.tsx(10,5): error TS6133: 'Search' is declared but its value is never read.
src/pages/DesignSystem.tsx(12,5): error TS6133: 'User' is declared but its value is never read.
src/pages/DesignSystem.tsx(20,11): error TS6133: 'tenant' is declared but its value is never read.
src/pages/EventDetail.tsx(5,10): error TS6133: 'Calendar' is declared but its value is never read.
src/pages/EventDetail.tsx(5,28): error TS6133: 'Clock' is declared but its value is never read.
src/pages/EventDetail.tsx(5,35): error TS6133: 'Users' is declared but its value is never read.
src/pages/EventDetail.tsx(5,42): error TS6133: 'Share2' is declared but its value is never read.
src/pages/EventDetail.tsx(5,77): error TS6133: 'ChevronLeft' is declared but its value is never read.
src/pages/EventDetail.tsx(8,29): error TS2307: Cannot find module '../data/events' or its corresponding type declarations.
src/pages/EventDetail.tsx(18,36): error TS7006: Parameter 'e' implicitly has an 'any' type.
src/pages/EventDetail.tsx(62,69): error TS7006: Parameter 'line' implicitly has an 'any' type.
src/pages/EventDetail.tsx(62,75): error TS7006: Parameter 'i' implicitly has an 'any' type.
src/pages/EventDetail.tsx(73,62): error TS7006: Parameter 'req' implicitly has an 'any' type.
src/pages/EventDetail.tsx(73,67): error TS7006: Parameter 'i' implicitly has an 'any' type.
src/pages/Events.tsx(5,29): error TS2307: Cannot find module '../data/events' or its corresponding type declarations.
src/pages/Events.tsx(15,64): error TS7006: Parameter 'e' implicitly has an 'any' type.
src/pages/Events.tsx(16,36): error TS7006: Parameter 'e' implicitly has an 'any' type.
src/pages/Events.tsx(43,35): error TS7006: Parameter 'event' implicitly has an 'any' type.
src/pages/Events.tsx(79,31): error TS7006: Parameter 'event' implicitly has an 'any' type.
src/pages/HealthGuideDetail.tsx(4,27): error TS6133: 'Share2' is declared but its value is never read.
src/pages/HealthGuideDetail.tsx(4,35): error TS6133: 'ArrowLeft' is declared but its value is never read.
src/pages/HealthGuideDetail.tsx(4,46): error TS6133: 'Bookmark' is declared but its value is never read.
src/pages/HealthGuideDetail.tsx(4,62): error TS6133: 'BookOpen' is declared but its value is never read.
src/pages/HealthGuideDetail.tsx(4,72): error TS6133: 'ExternalLink' is declared but its value is never read.
src/pages/HealthGuideDetail.tsx(4,86): error TS6133: 'ChevronRight' is declared but its value is never read.
src/pages/News.tsx(3,86): error TS6133: 'ArrowLeft' is declared but its value is never read.
src/pages/News.tsx(3,97): error TS6133: 'ExternalLink' is declared but its value is never read.
src/pages/News.tsx(3,111): error TS6133: 'Share2' is declared but its value is never read.
src/pages/News.tsx(3,119): error TS6133: 'Bookmark' is declared but its value is never read.
src/pages/News.tsx(3,129): error TS6133: 'Star' is declared but its value is never read.
src/pages/NewsDetail.tsx(3,10): error TS6133: 'ChevronLeft' is declared but its value is never read.
